// Jest Snapshot v1, https://goo.gl/fbAQLP

exports[`Component Quiz QuizTimer Snapshot 1`] = `
<div id="quiz-timer" class="col-12">
  <div class="card bg-warning shadow">
    <div class="card-body mb-0 h5 d-flex justify-content-center align-items-center">
      5 menit 30 detik
    </div>
  </div>
</div>
`;
