// Jest Snapshot v1, https://goo.gl/fbAQLP

exports[`Pages Quiz Index Snapshot 1`] = `
<div id="quiz-index" class="my-5">
  <div class="row">
    <div class="col-12">
      <div class="card shadow">
        <div class="card-body">
          <div class="action-button mb-4">
            <div data-toggle="modal" data-target="#modal-input-proktor" class="btn btn-primary">
              Kerjakan Assessment
            </div>
          </div>
          <quizhistory-stub></quizhistory-stub>
        </div>
      </div>
    </div>
  </div>
  <modalinputproktor-stub></modalinputproktor-stub>
</div>
`;
